// Vitest Snapshot v1, https://vitest.dev/guide/snapshot.html

exports[`LessonToc > marks the current lesson with aria-current and lists all TOC items (locale=en) 1`] = `"<nav aria-label="Module contents" data-testid="lesson-module-toc"><p class="mb-2 text-xs font-semibold uppercase tracking-wide text-neutral-500 dark:text-neutral-500">Module contents</p><ol class="flex flex-col gap-1 text-sm"><li><a aria-current="page" class="block rounded bg-neutral-900 px-2 py-1 text-white dark:bg-neutral-100 dark:text-neutral-900" href="/en/learn/01-reliability/01-intro">Introduction</a></li><li><a class="block rounded px-2 py-1 hover:bg-neutral-100 dark:hover:bg-neutral-900" href="/en/learn/01-reliability/02-percentiles">Percentiles</a></li><li><a class="block rounded px-2 py-1 hover:bg-neutral-100 dark:hover:bg-neutral-900" href="/en/learn/01-reliability/quiz">Quiz</a></li><li><a class="block rounded px-2 py-1 hover:bg-neutral-100 dark:hover:bg-neutral-900" href="/en/learn/01-reliability/lab/percentile-lab">Exercise 1</a></li></ol></nav>"`;

exports[`LessonToc > marks the current lesson with aria-current and lists all TOC items (locale=ja) 1`] = `"<nav aria-label="モジュール目次" data-testid="lesson-module-toc"><p class="mb-2 text-xs font-semibold uppercase tracking-wide text-neutral-500 dark:text-neutral-500">モジュール目次</p><ol class="flex flex-col gap-1 text-sm"><li><a aria-current="page" class="block rounded bg-neutral-900 px-2 py-1 text-white dark:bg-neutral-100 dark:text-neutral-900" href="/ja/learn/01-reliability/01-intro">はじめに</a></li><li><a class="block rounded px-2 py-1 hover:bg-neutral-100 dark:hover:bg-neutral-900" href="/ja/learn/01-reliability/02-percentiles">パーセンタイル</a></li><li><a class="block rounded px-2 py-1 hover:bg-neutral-100 dark:hover:bg-neutral-900" href="/ja/learn/01-reliability/quiz">クイズ</a></li><li><a class="block rounded px-2 py-1 hover:bg-neutral-100 dark:hover:bg-neutral-900" href="/ja/learn/01-reliability/lab/percentile-lab">演習 1</a></li></ol></nav>"`;
